MSBuild version 17.14.40+3e7442088 for .NET Framework
Build started 3/18/2026 3:11:41 PM.

Project "C:\Users\salin\Downloads\KumariCinemaHall\KumariCinema\KumariCinema.csproj" on node 1 (Build target(s)).
GenerateTargetFrameworkMonikerAttribute:
Skipping target "GenerateTargetFrameworkMonikerAttribute" because all output files are up-to-date with respect to the input files.
CoreCompile:
  C:\Program Files\Microsoft Visual Studio\2022\Community\MSBuild\Current\Bin\Roslyn\csc.exe /noconfig /nowarn:1701,1702 /fullpaths /nostdlib+ /errorreport:prompt /warn:4 /define:DEBUG;TRACE /highentropyva+ /reference:"C:\Program Files (x86)\Reference Assemblies\Microsoft\Framework\.NETFramework\v4.8\mscorlib.dll" /reference:C:\Users\salin\Downloads\KumariCinemaHall\packages\Oracle.ManagedDataAccess.12.2.1100\lib\net40\Oracle.ManagedDataAccess.dll /reference:"C:\Program Files (x86)\Reference Assemblies\Microsoft\Framework\.NETFramework\v4.8\System.Core.dll" /reference:"C:\Program Files (x86)\Reference Assemblies\Microsoft\Framework\.NETFramework\v4.8\System.Data.dll" /reference:"C:\Program Files (x86)\Reference Assemblies\Microsoft\Framework\.NETFramework\v4.8\System.dll" /reference:"C:\Program Files (x86)\Reference Assemblies\Microsoft\Framework\.NETFramework\v4.8\System.Web.dll" /reference:"C:\Program Files (x86)\Reference Assemblies\Microsoft\Framework\.NETFramework\v4.8\System.Web.Extensions.dll" /reference:"C:\Program Files (x86)\Reference Assemblies\Microsoft\Framework\.NETFramework\v4.8\System.Xml.dll" /debug+ /debug:full /optimize- /out:obj\Debug\KumariCinema.dll /subsystemversion:6.00 /target:library /utf8output /langversion:7.3 App_Code\DBHelper.cs Default.aspx.cs Default.aspx.designer.cs Login.aspx.cs Login.aspx.designer.cs Logout.aspx.cs Site.master.cs Forms\Basic\UserForm.aspx.cs Forms\Basic\UserForm.aspx.designer.cs Forms\Basic\TheaterForm.aspx.cs Forms\Basic\TheaterForm.aspx.designer.cs Forms\Basic\HallForm.aspx.cs Forms\Basic\HallForm.aspx.designer.cs Forms\Basic\MovieForm.aspx.cs Forms\Basic\MovieForm.aspx.designer.cs Forms\Basic\ShowForm.aspx.cs Forms\Basic\ShowForm.aspx.designer.cs Forms\Basic\TicketForm.aspx.cs Forms\Basic\TicketForm.aspx.designer.cs Forms\Complex\UserTicketForm.aspx.cs Forms\Complex\UserTicketForm.aspx.designer.cs Forms\Complex\TheaterMovieForm.aspx.cs Forms\Complex\TheaterMovieForm.aspx.designer.cs Forms\Complex\OccupancyForm.aspx.cs Forms\Complex\OccupancyForm.aspx.designer.cs "obj\Debug\.NETFramework,Version=v4.8.AssemblyAttributes.cs"
C:\Users\salin\Downloads\KumariCinemaHall\KumariCinema\Forms\Complex\OccupancyForm.aspx.cs(12,13): error CS0103: The name 'lbMovie' does not exist in the current context [C:\Users\salin\Downloads\KumariCinemaHall\KumariCinema\KumariCinema.csproj]
C:\Users\salin\Downloads\KumariCinemaHall\KumariCinema\Forms\Complex\OccupancyForm.aspx.cs(13,13): error CS0103: The name 'lbMovie' does not exist in the current context [C:\Users\salin\Downloads\KumariCinemaHall\KumariCinema\KumariCinema.csproj]
C:\Users\salin\Downloads\KumariCinemaHall\KumariCinema\Forms\Complex\OccupancyForm.aspx.cs(14,13): error CS0103: The name 'lbMovie' does not exist in the current context [C:\Users\salin\Downloads\KumariCinemaHall\KumariCinema\KumariCinema.csproj]
C:\Users\salin\Downloads\KumariCinemaHall\KumariCinema\Forms\Complex\OccupancyForm.aspx.cs(15,13): error CS0103: The name 'lbMovie' does not exist in the current context [C:\Users\salin\Downloads\KumariCinemaHall\KumariCinema\KumariCinema.csproj]
C:\Users\salin\Downloads\KumariCinemaHall\KumariCinema\Forms\Complex\TheaterMovieForm.aspx.cs(13,13): error CS0103: The name 'lbTheater' does not exist in the current context [C:\Users\salin\Downloads\KumariCinemaHall\KumariCinema\KumariCinema.csproj]
C:\Users\salin\Downloads\KumariCinemaHall\KumariCinema\Forms\Complex\TheaterMovieForm.aspx.cs(14,13): error CS0103: The name 'lbTheater' does not exist in the current context [C:\Users\salin\Downloads\KumariCinemaHall\KumariCinema\KumariCinema.csproj]
C:\Users\salin\Downloads\KumariCinemaHall\KumariCinema\Forms\Complex\TheaterMovieForm.aspx.cs(15,13): error CS0103: The name 'lbTheater' does not exist in the current context [C:\Users\salin\Downloads\KumariCinemaHall\KumariCinema\KumariCinema.csproj]
C:\Users\salin\Downloads\KumariCinemaHall\KumariCinema\Forms\Complex\TheaterMovieForm.aspx.cs(16,13): error CS0103: The name 'lbTheater' does not exist in the current context [C:\Users\salin\Downloads\KumariCinemaHall\KumariCinema\KumariCinema.csproj]
C:\Users\salin\Downloads\KumariCinemaHall\KumariCinema\Forms\Basic\TheaterForm.aspx.cs(26,9): error CS0103: The name 'ddlType' does not exist in the current context [C:\Users\salin\Downloads\KumariCinemaHall\KumariCinema\KumariCinema.csproj]
C:\Users\salin\Downloads\KumariCinemaHall\KumariCinema\Forms\Basic\MovieForm.aspx.cs(26,9): error CS0103: The name 'ddlLang' does not exist in the current context [C:\Users\salin\Downloads\KumariCinemaHall\KumariCinema\KumariCinema.csproj]
C:\Users\salin\Downloads\KumariCinemaHall\KumariCinema\Forms\Basic\MovieForm.aspx.cs(27,9): error CS0103: The name 'ddlGenre' does not exist in the current context [C:\Users\salin\Downloads\KumariCinemaHall\KumariCinema\KumariCinema.csproj]
C:\Users\salin\Downloads\KumariCinemaHall\KumariCinema\Forms\Basic\ShowForm.aspx.cs(25,9): error CS0103: The name 'txtName' does not exist in the current context [C:\Users\salin\Downloads\KumariCinemaHall\KumariCinema\KumariCinema.csproj]
C:\Users\salin\Downloads\KumariCinemaHall\KumariCinema\Forms\Basic\ShowForm.aspx.cs(26,9): error CS0103: The name 'ddlType' does not exist in the current context [C:\Users\salin\Downloads\KumariCinemaHall\KumariCinema\KumariCinema.csproj]
C:\Users\salin\Downloads\KumariCinemaHall\KumariCinema\Forms\Basic\ShowForm.aspx.cs(27,9): error CS0103: The name 'ddlStatus' does not exist in the current context [C:\Users\salin\Downloads\KumariCinemaHall\KumariCinema\KumariCinema.csproj]
C:\Users\salin\Downloads\KumariCinemaHall\KumariCinema\Forms\Basic\HallForm.aspx.cs(25,28): error CS0103: The name 'txtFloor' does not exist in the current context [C:\Users\salin\Downloads\KumariCinemaHall\KumariCinema\KumariCinema.csproj]
C:\Users\salin\Downloads\KumariCinemaHall\KumariCinema\Forms\Basic\HallForm.aspx.cs(25,44): error CS0103: The name 'txtSeats' does not exist in the current context [C:\Users\salin\Downloads\KumariCinemaHall\KumariCinema\KumariCinema.csproj]
C:\Users\salin\Downloads\KumariCinemaHall\KumariCinema\Forms\Basic\HallForm.aspx.cs(26,9): error CS0103: The name 'txtFloor' does not exist in the current context [C:\Users\salin\Downloads\KumariCinemaHall\KumariCinema\KumariCinema.csproj]
C:\Users\salin\Downloads\KumariCinemaHall\KumariCinema\Forms\Basic\HallForm.aspx.cs(27,9): error CS0103: The name 'ddlHallType' does not exist in the current context [C:\Users\salin\Downloads\KumariCinemaHall\KumariCinema\KumariCinema.csproj]
C:\Users\salin\Downloads\KumariCinemaHall\KumariCinema\Forms\Complex\TheaterMovieForm.aspx.cs(22,13): error CS0103: The name 'lbTheater' does not exist in the current context [C:\Users\salin\Downloads\KumariCinemaHall\KumariCinema\KumariCinema.csproj]
C:\Users\salin\Downloads\KumariCinemaHall\KumariCinema\Forms\Complex\TheaterMovieForm.aspx.cs(30,35): error CS0103: The name 'lbTheater' does not exist in the current context [C:\Users\salin\Downloads\KumariCinemaHall\KumariCinema\KumariCinema.csproj]
C:\Users\salin\Downloads\KumariCinemaHall\KumariCinema\Forms\Complex\TheaterMovieForm.aspx.cs(38,13): error CS0103: The name 'lblTType' does not exist in the current context [C:\Users\salin\Downloads\KumariCinemaHall\KumariCinema\KumariCinema.csproj]
C:\Users\salin\Downloads\KumariCinemaHall\KumariCinema\Forms\Complex\OccupancyForm.aspx.cs(21,13): error CS0103: The name 'lbMovie' does not exist in the current context [C:\Users\salin\Downloads\KumariCinemaHall\KumariCinema\KumariCinema.csproj]
C:\Users\salin\Downloads\KumariCinemaHall\KumariCinema\Forms\Complex\OccupancyForm.aspx.cs(29,33): error CS0103: The name 'lbMovie' does not exist in the current context [C:\Users\salin\Downloads\KumariCinemaHall\KumariCinema\KumariCinema.csproj]
C:\Users\salin\Downloads\KumariCinemaHall\KumariCinema\Forms\Complex\OccupancyForm.aspx.cs(38,13): error CS0103: The name 'lblMLang' does not exist in the current context [C:\Users\salin\Downloads\KumariCinemaHall\KumariCinema\KumariCinema.csproj]
C:\Users\salin\Downloads\KumariCinemaHall\KumariCinema\Forms\Complex\OccupancyForm.aspx.cs(39,13): error CS0103: The name 'lblMDur' does not exist in the current context [C:\Users\salin\Downloads\KumariCinemaHall\KumariCinema\KumariCinema.csproj]
C:\Users\salin\Downloads\KumariCinemaHall\KumariCinema\Forms\Complex\OccupancyForm.aspx.cs(41,17): error CS0103: The name 'lblMRel' does not exist in the current context [C:\Users\salin\Downloads\KumariCinemaHall\KumariCinema\KumariCinema.csproj]
C:\Users\salin\Downloads\KumariCinemaHall\KumariCinema\Forms\Complex\OccupancyForm.aspx.cs(90,9): error CS0103: The name 'pnlResults' does not exist in the current context [C:\Users\salin\Downloads\KumariCinemaHall\KumariCinema\KumariCinema.csproj]
C:\Users\salin\Downloads\KumariCinemaHall\KumariCinema\Forms\Basic\UserForm.aspx.cs(28,9): error CS0103: The name 'txtUsername' does not exist in the current context [C:\Users\salin\Downloads\KumariCinemaHall\KumariCinema\KumariCinema.csproj]
C:\Users\salin\Downloads\KumariCinemaHall\KumariCinema\Forms\Basic\UserForm.aspx.cs(28,44): error CS0103: The name 'txtPassword' does not exist in the current context [C:\Users\salin\Downloads\KumariCinemaHall\KumariCinema\KumariCinema.csproj]
C:\Users\salin\Downloads\KumariCinemaHall\KumariCinema\Forms\Basic\UserForm.aspx.cs(28,63): error CS0103: The name 'txtAddress' does not exist in the current context [C:\Users\salin\Downloads\KumariCinemaHall\KumariCinema\KumariCinema.csproj]
C:\Users\salin\Downloads\KumariCinemaHall\KumariCinema\Forms\Basic\TheaterForm.aspx.cs(39,54): error CS0103: The name 'ddlType' does not exist in the current context [C:\Users\salin\Downloads\KumariCinemaHall\KumariCinema\KumariCinema.csproj]
C:\Users\salin\Downloads\KumariCinemaHall\KumariCinema\Forms\Basic\TheaterForm.aspx.cs(47,54): error CS0103: The name 'ddlType' does not exist in the current context [C:\Users\salin\Downloads\KumariCinemaHall\KumariCinema\KumariCinema.csproj]
C:\Users\salin\Downloads\KumariCinemaHall\KumariCinema\Forms\Basic\HallForm.aspx.cs(39,54): error CS0103: The name 'ddlHallType' does not exist in the current context [C:\Users\salin\Downloads\KumariCinemaHall\KumariCinema\KumariCinema.csproj]
C:\Users\salin\Downloads\KumariCinemaHall\KumariCinema\Forms\Basic\HallForm.aspx.cs(40,64): error CS0103: The name 'txtFloor' does not exist in the current context [C:\Users\salin\Downloads\KumariCinemaHall\KumariCinema\KumariCinema.csproj]
C:\Users\salin\Downloads\KumariCinemaHall\KumariCinema\Forms\Basic\HallForm.aspx.cs(41,64): error CS0103: The name 'txtSeats' does not exist in the current context [C:\Users\salin\Downloads\KumariCinemaHall\KumariCinema\KumariCinema.csproj]
C:\Users\salin\Downloads\KumariCinemaHall\KumariCinema\Forms\Basic\HallForm.aspx.cs(48,54): error CS0103: The name 'ddlHallType' does not exist in the current context [C:\Users\salin\Downloads\KumariCinemaHall\KumariCinema\KumariCinema.csproj]
C:\Users\salin\Downloads\KumariCinemaHall\KumariCinema\Forms\Basic\HallForm.aspx.cs(49,64): error CS0103: The name 'txtFloor' does not exist in the current context [C:\Users\salin\Downloads\KumariCinemaHall\KumariCinema\KumariCinema.csproj]
C:\Users\salin\Downloads\KumariCinemaHall\KumariCinema\Forms\Basic\HallForm.aspx.cs(50,64): error CS0103: The name 'txtSeats' does not exist in the current context [C:\Users\salin\Downloads\KumariCinemaHall\KumariCinema\KumariCinema.csproj]
C:\Users\salin\Downloads\KumariCinemaHall\KumariCinema\Forms\Basic\ShowForm.aspx.cs(39,54): error CS0103: The name 'txtName' does not exist in the current context [C:\Users\salin\Downloads\KumariCinemaHall\KumariCinema\KumariCinema.csproj]
C:\Users\salin\Downloads\KumariCinemaHall\KumariCinema\Forms\Basic\ShowForm.aspx.cs(41,54): error CS0103: The name 'ddlType' does not exist in the current context [C:\Users\salin\Downloads\KumariCinemaHall\KumariCinema\KumariCinema.csproj]
C:\Users\salin\Downloads\KumariCinemaHall\KumariCinema\Forms\Basic\ShowForm.aspx.cs(42,54): error CS0103: The name 'ddlStatus' does not exist in the current context [C:\Users\salin\Downloads\KumariCinemaHall\KumariCinema\KumariCinema.csproj]
C:\Users\salin\Downloads\KumariCinemaHall\KumariCinema\Forms\Basic\ShowForm.aspx.cs(48,54): error CS0103: The name 'txtName' does not exist in the current context [C:\Users\salin\Downloads\KumariCinemaHall\KumariCinema\KumariCinema.csproj]
C:\Users\salin\Downloads\KumariCinemaHall\KumariCinema\Forms\Basic\ShowForm.aspx.cs(50,54): error CS0103: The name 'ddlType' does not exist in the current context [C:\Users\salin\Downloads\KumariCinemaHall\KumariCinema\KumariCinema.csproj]
C:\Users\salin\Downloads\KumariCinemaHall\KumariCinema\Forms\Basic\ShowForm.aspx.cs(51,54): error CS0103: The name 'ddlStatus' does not exist in the current context [C:\Users\salin\Downloads\KumariCinemaHall\KumariCinema\KumariCinema.csproj]
C:\Users\salin\Downloads\KumariCinemaHall\KumariCinema\Forms\Basic\TheaterForm.aspx.cs(70,17): error CS0103: The name 'ddlType' does not exist in the current context [C:\Users\salin\Downloads\KumariCinemaHall\KumariCinema\KumariCinema.csproj]
C:\Users\salin\Downloads\KumariCinemaHall\KumariCinema\Forms\Basic\MovieForm.aspx.cs(46,46): error CS0103: The name 'ddlLang' does not exist in the current context [C:\Users\salin\Downloads\KumariCinemaHall\KumariCinema\KumariCinema.csproj]
C:\Users\salin\Downloads\KumariCinemaHall\KumariCinema\Forms\Basic\MovieForm.aspx.cs(47,46): error CS0103: The name 'ddlGenre' does not exist in the current context [C:\Users\salin\Downloads\KumariCinemaHall\KumariCinema\KumariCinema.csproj]
C:\Users\salin\Downloads\KumariCinemaHall\KumariCinema\Forms\Basic\MovieForm.aspx.cs(59,46): error CS0103: The name 'ddlLang' does not exist in the current context [C:\Users\salin\Downloads\KumariCinemaHall\KumariCinema\KumariCinema.csproj]
C:\Users\salin\Downloads\KumariCinemaHall\KumariCinema\Forms\Basic\MovieForm.aspx.cs(60,46): error CS0103: The name 'ddlGenre' does not exist in the current context [C:\Users\salin\Downloads\KumariCinemaHall\KumariCinema\KumariCinema.csproj]
C:\Users\salin\Downloads\KumariCinemaHall\KumariCinema\Forms\Basic\UserForm.aspx.cs(40,46): error CS0103: The name 'txtUsername' does not exist in the current context [C:\Users\salin\Downloads\KumariCinemaHall\KumariCinema\KumariCinema.csproj]
C:\Users\salin\Downloads\KumariCinemaHall\KumariCinema\Forms\Basic\UserForm.aspx.cs(42,46): error CS0103: The name 'txtPassword' does not exist in the current context [C:\Users\salin\Downloads\KumariCinemaHall\KumariCinema\KumariCinema.csproj]
C:\Users\salin\Downloads\KumariCinemaHall\KumariCinema\Forms\Basic\UserForm.aspx.cs(43,46): error CS0103: The name 'txtAddress' does not exist in the current context [C:\Users\salin\Downloads\KumariCinemaHall\KumariCinema\KumariCinema.csproj]
C:\Users\salin\Downloads\KumariCinemaHall\KumariCinema\Forms\Basic\UserForm.aspx.cs(52,46): error CS0103: The name 'txtUsername' does not exist in the current context [C:\Users\salin\Downloads\KumariCinemaHall\KumariCinema\KumariCinema.csproj]
C:\Users\salin\Downloads\KumariCinemaHall\KumariCinema\Forms\Basic\UserForm.aspx.cs(54,46): error CS0103: The name 'txtPassword' does not exist in the current context [C:\Users\salin\Downloads\KumariCinemaHall\KumariCinema\KumariCinema.csproj]
C:\Users\salin\Downloads\KumariCinemaHall\KumariCinema\Forms\Basic\UserForm.aspx.cs(55,46): error CS0103: The name 'txtAddress' does not exist in the current context [C:\Users\salin\Downloads\KumariCinemaHall\KumariCinema\KumariCinema.csproj]
C:\Users\salin\Downloads\KumariCinemaHall\KumariCinema\Forms\Basic\HallForm.aspx.cs(72,17): error CS0103: The name 'ddlHallType' does not exist in the current context [C:\Users\salin\Downloads\KumariCinemaHall\KumariCinema\KumariCinema.csproj]
C:\Users\salin\Downloads\KumariCinemaHall\KumariCinema\Forms\Basic\HallForm.aspx.cs(73,17): error CS0103: The name 'txtFloor' does not exist in the current context [C:\Users\salin\Downloads\KumariCinemaHall\KumariCinema\KumariCinema.csproj]
C:\Users\salin\Downloads\KumariCinemaHall\KumariCinema\Forms\Basic\HallForm.aspx.cs(74,17): error CS0103: The name 'txtSeats' does not exist in the current context [C:\Users\salin\Downloads\KumariCinemaHall\KumariCinema\KumariCinema.csproj]
C:\Users\salin\Downloads\KumariCinemaHall\KumariCinema\Forms\Basic\ShowForm.aspx.cs(72,17): error CS0103: The name 'txtName' does not exist in the current context [C:\Users\salin\Downloads\KumariCinemaHall\KumariCinema\KumariCinema.csproj]
C:\Users\salin\Downloads\KumariCinemaHall\KumariCinema\Forms\Basic\ShowForm.aspx.cs(74,17): error CS0103: The name 'ddlType' does not exist in the current context [C:\Users\salin\Downloads\KumariCinemaHall\KumariCinema\KumariCinema.csproj]
C:\Users\salin\Downloads\KumariCinemaHall\KumariCinema\Forms\Basic\ShowForm.aspx.cs(75,17): error CS0103: The name 'ddlStatus' does not exist in the current context [C:\Users\salin\Downloads\KumariCinemaHall\KumariCinema\KumariCinema.csproj]
C:\Users\salin\Downloads\KumariCinemaHall\KumariCinema\Forms\Basic\MovieForm.aspx.cs(88,17): error CS0103: The name 'ddlLang' does not exist in the current context [C:\Users\salin\Downloads\KumariCinemaHall\KumariCinema\KumariCinema.csproj]
C:\Users\salin\Downloads\KumariCinemaHall\KumariCinema\Forms\Basic\MovieForm.aspx.cs(89,17): error CS0103: The name 'ddlGenre' does not exist in the current context [C:\Users\salin\Downloads\KumariCinemaHall\KumariCinema\KumariCinema.csproj]
C:\Users\salin\Downloads\KumariCinemaHall\KumariCinema\Forms\Basic\UserForm.aspx.cs(79,17): error CS0103: The name 'txtUsername' does not exist in the current context [C:\Users\salin\Downloads\KumariCinemaHall\KumariCinema\KumariCinema.csproj]
C:\Users\salin\Downloads\KumariCinemaHall\KumariCinema\Forms\Basic\UserForm.aspx.cs(81,17): error CS0103: The name 'txtPassword' does not exist in the current context [C:\Users\salin\Downloads\KumariCinemaHall\KumariCinema\KumariCinema.csproj]
C:\Users\salin\Downloads\KumariCinemaHall\KumariCinema\Forms\Basic\UserForm.aspx.cs(82,17): error CS0103: The name 'txtAddress' does not exist in the current context [C:\Users\salin\Downloads\KumariCinemaHall\KumariCinema\KumariCinema.csproj]
  CompilerServer: server - server processed compilation - KumariCinema
Done Building Project "C:\Users\salin\Downloads\KumariCinemaHall\KumariCinema\KumariCinema.csproj" (Build target(s)) -- FAILED.

Build FAILED.

"C:\Users\salin\Downloads\KumariCinemaHall\KumariCinema\KumariCinema.csproj" (Build target) (1) ->
(CoreCompile target) -> 
  C:\Users\salin\Downloads\KumariCinemaHall\KumariCinema\Forms\Complex\OccupancyForm.aspx.cs(12,13): error CS0103: The name 'lbMovie' does not exist in the current context [C:\Users\salin\Downloads\KumariCinemaHall\KumariCinema\KumariCinema.csproj]
  C:\Users\salin\Downloads\KumariCinemaHall\KumariCinema\Forms\Complex\OccupancyForm.aspx.cs(13,13): error CS0103: The name 'lbMovie' does not exist in the current context [C:\Users\salin\Downloads\KumariCinemaHall\KumariCinema\KumariCinema.csproj]
  C:\Users\salin\Downloads\KumariCinemaHall\KumariCinema\Forms\Complex\OccupancyForm.aspx.cs(14,13): error CS0103: The name 'lbMovie' does not exist in the current context [C:\Users\salin\Downloads\KumariCinemaHall\KumariCinema\KumariCinema.csproj]
  C:\Users\salin\Downloads\KumariCinemaHall\KumariCinema\Forms\Complex\OccupancyForm.aspx.cs(15,13): error CS0103: The name 'lbMovie' does not exist in the current context [C:\Users\salin\Downloads\KumariCinemaHall\KumariCinema\KumariCinema.csproj]
  C:\Users\salin\Downloads\KumariCinemaHall\KumariCinema\Forms\Complex\TheaterMovieForm.aspx.cs(13,13): error CS0103: The name 'lbTheater' does not exist in the current context [C:\Users\salin\Downloads\KumariCinemaHall\KumariCinema\KumariCinema.csproj]
  C:\Users\salin\Downloads\KumariCinemaHall\KumariCinema\Forms\Complex\TheaterMovieForm.aspx.cs(14,13): error CS0103: The name 'lbTheater' does not exist in the current context [C:\Users\salin\Downloads\KumariCinemaHall\KumariCinema\KumariCinema.csproj]
  C:\Users\salin\Downloads\KumariCinemaHall\KumariCinema\Forms\Complex\TheaterMovieForm.aspx.cs(15,13): error CS0103: The name 'lbTheater' does not exist in the current context [C:\Users\salin\Downloads\KumariCinemaHall\KumariCinema\KumariCinema.csproj]
  C:\Users\salin\Downloads\KumariCinemaHall\KumariCinema\Forms\Complex\TheaterMovieForm.aspx.cs(16,13): error CS0103: The name 'lbTheater' does not exist in the current context [C:\Users\salin\Downloads\KumariCinemaHall\KumariCinema\KumariCinema.csproj]
  C:\Users\salin\Downloads\KumariCinemaHall\KumariCinema\Forms\Basic\TheaterForm.aspx.cs(26,9): error CS0103: The name 'ddlType' does not exist in the current context [C:\Users\salin\Downloads\KumariCinemaHall\KumariCinema\KumariCinema.csproj]
  C:\Users\salin\Downloads\KumariCinemaHall\KumariCinema\Forms\Basic\MovieForm.aspx.cs(26,9): error CS0103: The name 'ddlLang' does not exist in the current context [C:\Users\salin\Downloads\KumariCinemaHall\KumariCinema\KumariCinema.csproj]
  C:\Users\salin\Downloads\KumariCinemaHall\KumariCinema\Forms\Basic\MovieForm.aspx.cs(27,9): error CS0103: The name 'ddlGenre' does not exist in the current context [C:\Users\salin\Downloads\KumariCinemaHall\KumariCinema\KumariCinema.csproj]
  C:\Users\salin\Downloads\KumariCinemaHall\KumariCinema\Forms\Basic\ShowForm.aspx.cs(25,9): error CS0103: The name 'txtName' does not exist in the current context [C:\Users\salin\Downloads\KumariCinemaHall\KumariCinema\KumariCinema.csproj]
  C:\Users\salin\Downloads\KumariCinemaHall\KumariCinema\Forms\Basic\ShowForm.aspx.cs(26,9): error CS0103: The name 'ddlType' does not exist in the current context [C:\Users\salin\Downloads\KumariCinemaHall\KumariCinema\KumariCinema.csproj]
  C:\Users\salin\Downloads\KumariCinemaHall\KumariCinema\Forms\Basic\ShowForm.aspx.cs(27,9): error CS0103: The name 'ddlStatus' does not exist in the current context [C:\Users\salin\Downloads\KumariCinemaHall\KumariCinema\KumariCinema.csproj]
  C:\Users\salin\Downloads\KumariCinemaHall\KumariCinema\Forms\Basic\HallForm.aspx.cs(25,28): error CS0103: The name 'txtFloor' does not exist in the current context [C:\Users\salin\Downloads\KumariCinemaHall\KumariCinema\KumariCinema.csproj]
  C:\Users\salin\Downloads\KumariCinemaHall\KumariCinema\Forms\Basic\HallForm.aspx.cs(25,44): error CS0103: The name 'txtSeats' does not exist in the current context [C:\Users\salin\Downloads\KumariCinemaHall\KumariCinema\KumariCinema.csproj]
  C:\Users\salin\Downloads\KumariCinemaHall\KumariCinema\Forms\Basic\HallForm.aspx.cs(26,9): error CS0103: The name 'txtFloor' does not exist in the current context [C:\Users\salin\Downloads\KumariCinemaHall\KumariCinema\KumariCinema.csproj]
  C:\Users\salin\Downloads\KumariCinemaHall\KumariCinema\Forms\Basic\HallForm.aspx.cs(27,9): error CS0103: The name 'ddlHallType' does not exist in the current context [C:\Users\salin\Downloads\KumariCinemaHall\KumariCinema\KumariCinema.csproj]
  C:\Users\salin\Downloads\KumariCinemaHall\KumariCinema\Forms\Complex\TheaterMovieForm.aspx.cs(22,13): error CS0103: The name 'lbTheater' does not exist in the current context [C:\Users\salin\Downloads\KumariCinemaHall\KumariCinema\KumariCinema.csproj]
  C:\Users\salin\Downloads\KumariCinemaHall\KumariCinema\Forms\Complex\TheaterMovieForm.aspx.cs(30,35): error CS0103: The name 'lbTheater' does not exist in the current context [C:\Users\salin\Downloads\KumariCinemaHall\KumariCinema\KumariCinema.csproj]
  C:\Users\salin\Downloads\KumariCinemaHall\KumariCinema\Forms\Complex\TheaterMovieForm.aspx.cs(38,13): error CS0103: The name 'lblTType' does not exist in the current context [C:\Users\salin\Downloads\KumariCinemaHall\KumariCinema\KumariCinema.csproj]
  C:\Users\salin\Downloads\KumariCinemaHall\KumariCinema\Forms\Complex\OccupancyForm.aspx.cs(21,13): error CS0103: The name 'lbMovie' does not exist in the current context [C:\Users\salin\Downloads\KumariCinemaHall\KumariCinema\KumariCinema.csproj]
  C:\Users\salin\Downloads\KumariCinemaHall\KumariCinema\Forms\Complex\OccupancyForm.aspx.cs(29,33): error CS0103: The name 'lbMovie' does not exist in the current context [C:\Users\salin\Downloads\KumariCinemaHall\KumariCinema\KumariCinema.csproj]
  C:\Users\salin\Downloads\KumariCinemaHall\KumariCinema\Forms\Complex\OccupancyForm.aspx.cs(38,13): error CS0103: The name 'lblMLang' does not exist in the current context [C:\Users\salin\Downloads\KumariCinemaHall\KumariCinema\KumariCinema.csproj]
  C:\Users\salin\Downloads\KumariCinemaHall\KumariCinema\Forms\Complex\OccupancyForm.aspx.cs(39,13): error CS0103: The name 'lblMDur' does not exist in the current context [C:\Users\salin\Downloads\KumariCinemaHall\KumariCinema\KumariCinema.csproj]
  C:\Users\salin\Downloads\KumariCinemaHall\KumariCinema\Forms\Complex\OccupancyForm.aspx.cs(41,17): error CS0103: The name 'lblMRel' does not exist in the current context [C:\Users\salin\Downloads\KumariCinemaHall\KumariCinema\KumariCinema.csproj]
  C:\Users\salin\Downloads\KumariCinemaHall\KumariCinema\Forms\Complex\OccupancyForm.aspx.cs(90,9): error CS0103: The name 'pnlResults' does not exist in the current context [C:\Users\salin\Downloads\KumariCinemaHall\KumariCinema\KumariCinema.csproj]
  C:\Users\salin\Downloads\KumariCinemaHall\KumariCinema\Forms\Basic\UserForm.aspx.cs(28,9): error CS0103: The name 'txtUsername' does not exist in the current context [C:\Users\salin\Downloads\KumariCinemaHall\KumariCinema\KumariCinema.csproj]
  C:\Users\salin\Downloads\KumariCinemaHall\KumariCinema\Forms\Basic\UserForm.aspx.cs(28,44): error CS0103: The name 'txtPassword' does not exist in the current context [C:\Users\salin\Downloads\KumariCinemaHall\KumariCinema\KumariCinema.csproj]
  C:\Users\salin\Downloads\KumariCinemaHall\KumariCinema\Forms\Basic\UserForm.aspx.cs(28,63): error CS0103: The name 'txtAddress' does not exist in the current context [C:\Users\salin\Downloads\KumariCinemaHall\KumariCinema\KumariCinema.csproj]
  C:\Users\salin\Downloads\KumariCinemaHall\KumariCinema\Forms\Basic\TheaterForm.aspx.cs(39,54): error CS0103: The name 'ddlType' does not exist in the current context [C:\Users\salin\Downloads\KumariCinemaHall\KumariCinema\KumariCinema.csproj]
  C:\Users\salin\Downloads\KumariCinemaHall\KumariCinema\Forms\Basic\TheaterForm.aspx.cs(47,54): error CS0103: The name 'ddlType' does not exist in the current context [C:\Users\salin\Downloads\KumariCinemaHall\KumariCinema\KumariCinema.csproj]
  C:\Users\salin\Downloads\KumariCinemaHall\KumariCinema\Forms\Basic\HallForm.aspx.cs(39,54): error CS0103: The name 'ddlHallType' does not exist in the current context [C:\Users\salin\Downloads\KumariCinemaHall\KumariCinema\KumariCinema.csproj]
  C:\Users\salin\Downloads\KumariCinemaHall\KumariCinema\Forms\Basic\HallForm.aspx.cs(40,64): error CS0103: The name 'txtFloor' does not exist in the current context [C:\Users\salin\Downloads\KumariCinemaHall\KumariCinema\KumariCinema.csproj]
  C:\Users\salin\Downloads\KumariCinemaHall\KumariCinema\Forms\Basic\HallForm.aspx.cs(41,64): error CS0103: The name 'txtSeats' does not exist in the current context [C:\Users\salin\Downloads\KumariCinemaHall\KumariCinema\KumariCinema.csproj]
  C:\Users\salin\Downloads\KumariCinemaHall\KumariCinema\Forms\Basic\HallForm.aspx.cs(48,54): error CS0103: The name 'ddlHallType' does not exist in the current context [C:\Users\salin\Downloads\KumariCinemaHall\KumariCinema\KumariCinema.csproj]
  C:\Users\salin\Downloads\KumariCinemaHall\KumariCinema\Forms\Basic\HallForm.aspx.cs(49,64): error CS0103: The name 'txtFloor' does not exist in the current context [C:\Users\salin\Downloads\KumariCinemaHall\KumariCinema\KumariCinema.csproj]
  C:\Users\salin\Downloads\KumariCinemaHall\KumariCinema\Forms\Basic\HallForm.aspx.cs(50,64): error CS0103: The name 'txtSeats' does not exist in the current context [C:\Users\salin\Downloads\KumariCinemaHall\KumariCinema\KumariCinema.csproj]
  C:\Users\salin\Downloads\KumariCinemaHall\KumariCinema\Forms\Basic\ShowForm.aspx.cs(39,54): error CS0103: The name 'txtName' does not exist in the current context [C:\Users\salin\Downloads\KumariCinemaHall\KumariCinema\KumariCinema.csproj]
  C:\Users\salin\Downloads\KumariCinemaHall\KumariCinema\Forms\Basic\ShowForm.aspx.cs(41,54): error CS0103: The name 'ddlType' does not exist in the current context [C:\Users\salin\Downloads\KumariCinemaHall\KumariCinema\KumariCinema.csproj]
  C:\Users\salin\Downloads\KumariCinemaHall\KumariCinema\Forms\Basic\ShowForm.aspx.cs(42,54): error CS0103: The name 'ddlStatus' does not exist in the current context [C:\Users\salin\Downloads\KumariCinemaHall\KumariCinema\KumariCinema.csproj]
  C:\Users\salin\Downloads\KumariCinemaHall\KumariCinema\Forms\Basic\ShowForm.aspx.cs(48,54): error CS0103: The name 'txtName' does not exist in the current context [C:\Users\salin\Downloads\KumariCinemaHall\KumariCinema\KumariCinema.csproj]
  C:\Users\salin\Downloads\KumariCinemaHall\KumariCinema\Forms\Basic\ShowForm.aspx.cs(50,54): error CS0103: The name 'ddlType' does not exist in the current context [C:\Users\salin\Downloads\KumariCinemaHall\KumariCinema\KumariCinema.csproj]
  C:\Users\salin\Downloads\KumariCinemaHall\KumariCinema\Forms\Basic\ShowForm.aspx.cs(51,54): error CS0103: The name 'ddlStatus' does not exist in the current context [C:\Users\salin\Downloads\KumariCinemaHall\KumariCinema\KumariCinema.csproj]
  C:\Users\salin\Downloads\KumariCinemaHall\KumariCinema\Forms\Basic\TheaterForm.aspx.cs(70,17): error CS0103: The name 'ddlType' does not exist in the current context [C:\Users\salin\Downloads\KumariCinemaHall\KumariCinema\KumariCinema.csproj]
  C:\Users\salin\Downloads\KumariCinemaHall\KumariCinema\Forms\Basic\MovieForm.aspx.cs(46,46): error CS0103: The name 'ddlLang' does not exist in the current context [C:\Users\salin\Downloads\KumariCinemaHall\KumariCinema\KumariCinema.csproj]
  C:\Users\salin\Downloads\KumariCinemaHall\KumariCinema\Forms\Basic\MovieForm.aspx.cs(47,46): error CS0103: The name 'ddlGenre' does not exist in the current context [C:\Users\salin\Downloads\KumariCinemaHall\KumariCinema\KumariCinema.csproj]
  C:\Users\salin\Downloads\KumariCinemaHall\KumariCinema\Forms\Basic\MovieForm.aspx.cs(59,46): error CS0103: The name 'ddlLang' does not exist in the current context [C:\Users\salin\Downloads\KumariCinemaHall\KumariCinema\KumariCinema.csproj]
  C:\Users\salin\Downloads\KumariCinemaHall\KumariCinema\Forms\Basic\MovieForm.aspx.cs(60,46): error CS0103: The name 'ddlGenre' does not exist in the current context [C:\Users\salin\Downloads\KumariCinemaHall\KumariCinema\KumariCinema.csproj]
  C:\Users\salin\Downloads\KumariCinemaHall\KumariCinema\Forms\Basic\UserForm.aspx.cs(40,46): error CS0103: The name 'txtUsername' does not exist in the current context [C:\Users\salin\Downloads\KumariCinemaHall\KumariCinema\KumariCinema.csproj]
  C:\Users\salin\Downloads\KumariCinemaHall\KumariCinema\Forms\Basic\UserForm.aspx.cs(42,46): error CS0103: The name 'txtPassword' does not exist in the current context [C:\Users\salin\Downloads\KumariCinemaHall\KumariCinema\KumariCinema.csproj]
  C:\Users\salin\Downloads\KumariCinemaHall\KumariCinema\Forms\Basic\UserForm.aspx.cs(43,46): error CS0103: The name 'txtAddress' does not exist in the current context [C:\Users\salin\Downloads\KumariCinemaHall\KumariCinema\KumariCinema.csproj]
  C:\Users\salin\Downloads\KumariCinemaHall\KumariCinema\Forms\Basic\UserForm.aspx.cs(52,46): error CS0103: The name 'txtUsername' does not exist in the current context [C:\Users\salin\Downloads\KumariCinemaHall\KumariCinema\KumariCinema.csproj]
  C:\Users\salin\Downloads\KumariCinemaHall\KumariCinema\Forms\Basic\UserForm.aspx.cs(54,46): error CS0103: The name 'txtPassword' does not exist in the current context [C:\Users\salin\Downloads\KumariCinemaHall\KumariCinema\KumariCinema.csproj]
  C:\Users\salin\Downloads\KumariCinemaHall\KumariCinema\Forms\Basic\UserForm.aspx.cs(55,46): error CS0103: The name 'txtAddress' does not exist in the current context [C:\Users\salin\Downloads\KumariCinemaHall\KumariCinema\KumariCinema.csproj]
  C:\Users\salin\Downloads\KumariCinemaHall\KumariCinema\Forms\Basic\HallForm.aspx.cs(72,17): error CS0103: The name 'ddlHallType' does not exist in the current context [C:\Users\salin\Downloads\KumariCinemaHall\KumariCinema\KumariCinema.csproj]
  C:\Users\salin\Downloads\KumariCinemaHall\KumariCinema\Forms\Basic\HallForm.aspx.cs(73,17): error CS0103: The name 'txtFloor' does not exist in the current context [C:\Users\salin\Downloads\KumariCinemaHall\KumariCinema\KumariCinema.csproj]
  C:\Users\salin\Downloads\KumariCinemaHall\KumariCinema\Forms\Basic\HallForm.aspx.cs(74,17): error CS0103: The name 'txtSeats' does not exist in the current context [C:\Users\salin\Downloads\KumariCinemaHall\KumariCinema\KumariCinema.csproj]
  C:\Users\salin\Downloads\KumariCinemaHall\KumariCinema\Forms\Basic\ShowForm.aspx.cs(72,17): error CS0103: The name 'txtName' does not exist in the current context [C:\Users\salin\Downloads\KumariCinemaHall\KumariCinema\KumariCinema.csproj]
  C:\Users\salin\Downloads\KumariCinemaHall\KumariCinema\Forms\Basic\ShowForm.aspx.cs(74,17): error CS0103: The name 'ddlType' does not exist in the current context [C:\Users\salin\Downloads\KumariCinemaHall\KumariCinema\KumariCinema.csproj]
  C:\Users\salin\Downloads\KumariCinemaHall\KumariCinema\Forms\Basic\ShowForm.aspx.cs(75,17): error CS0103: The name 'ddlStatus' does not exist in the current context [C:\Users\salin\Downloads\KumariCinemaHall\KumariCinema\KumariCinema.csproj]
  C:\Users\salin\Downloads\KumariCinemaHall\KumariCinema\Forms\Basic\MovieForm.aspx.cs(88,17): error CS0103: The name 'ddlLang' does not exist in the current context [C:\Users\salin\Downloads\KumariCinemaHall\KumariCinema\KumariCinema.csproj]
  C:\Users\salin\Downloads\KumariCinemaHall\KumariCinema\Forms\Basic\MovieForm.aspx.cs(89,17): error CS0103: The name 'ddlGenre' does not exist in the current context [C:\Users\salin\Downloads\KumariCinemaHall\KumariCinema\KumariCinema.csproj]
  C:\Users\salin\Downloads\KumariCinemaHall\KumariCinema\Forms\Basic\UserForm.aspx.cs(79,17): error CS0103: The name 'txtUsername' does not exist in the current context [C:\Users\salin\Downloads\KumariCinemaHall\KumariCinema\KumariCinema.csproj]
  C:\Users\salin\Downloads\KumariCinemaHall\KumariCinema\Forms\Basic\UserForm.aspx.cs(81,17): error CS0103: The name 'txtPassword' does not exist in the current context [C:\Users\salin\Downloads\KumariCinemaHall\KumariCinema\KumariCinema.csproj]
  C:\Users\salin\Downloads\KumariCinemaHall\KumariCinema\Forms\Basic\UserForm.aspx.cs(82,17): error CS0103: The name 'txtAddress' does not exist in the current context [C:\Users\salin\Downloads\KumariCinemaHall\KumariCinema\KumariCinema.csproj]

    0 Warning(s)
    66 Error(s)

Time Elapsed 00:00:00.38
